app/actions/game.ts(19,13): error TS2339: Property 'userId' does not exist on type 'Promise<SessionAuthWithRedirect>'.
